schema {
  query: Query
  mutation: Mutation
}

type AssignParticipantPayload {
  trackId: Int!
  participant: String!
}

type CreateTrackPayload {
  trackId: Int!
  topic: String!
  speaker: String!
}

type Mutation {
  createTrack(input: TrackInput!): CreateTrackPayload!
  assignParticipant(trackId: Int! participantInput: TrackParticipantInput!): AssignParticipantPayload!
}

"Information about pagination in a connection."
type PageInfo {
  "Indicates whether more edges exist following the set defined by the clients arguments."
  hasNextPage: Boolean!
  "Indicates whether more edges exist prior the set defined by the clients arguments."
  hasPreviousPage: Boolean!
  "When paginating backwards, the cursor to continue."
  startCursor: String
  "When paginating forwards, the cursor to continue."
  endCursor: String
}

type Query {
  tracks("Returns the first _n_ elements from the list." first: Int "Returns the elements in the list that come after the specified cursor." after: String "Returns the last _n_ elements from the list." last: Int "Returns the elements in the list that come before the specified cursor." before: String): TracksConnection
}

type Track {
  id: Int!
  topic: String
  speaker: TrackSpeaker!
  participants: [TrackParticipant!]!
}

type TrackParticipant {
  id: Int!
  firstName: String!
  lastName: String!
}

type TrackSpeaker {
  id: Int!
  firstName: String!
  lastName: String!
}

"A connection to a list of items."
type TracksConnection {
  "Information to aid in pagination."
  pageInfo: PageInfo!
  "A list of edges."
  edges: [TracksEdge!]
  "A flattened list of the nodes."
  nodes: [Track!]
}

"An edge in a connection."
type TracksEdge {
  "A cursor for use in pagination."
  cursor: String!
  "The item at the end of the edge."
  node: Track!
}

input TrackInput {
  topic: String!
  speaker: TrackSpeakerInput!
}

input TrackParticipantInput {
  firstName: String!
  lastName: String!
}

input TrackSpeakerInput {
  firstName: String!
  lastName: String!
}
